Godot Engine v4.4.1.stable.official.49a5bc7b6 - https://godotengine.org

first_scan_filesystem: begin: Project initialization steps: 5
	first_scan_filesystem: step 0: Scanning file structure...
	first_scan_filesystem: step 1: Loading global class names...
	first_scan_filesystem: step 2: Verifying GDExtensions...
	first_scan_filesystem: step 3: Creating autoload scripts...
	first_scan_filesystem: step 4: Initializing plugins...
	first_scan_filesystem: step 5: Starting file scan...
first_scan_filesystem: end
_update_scan_actions: begin: Scanning actions... steps: 61
	_update_scan_actions: step 0: Aiming.fbx
	_update_scan_actions: step 1: Crouch Idle.fbx
	_update_scan_actions: step 2: Crouched Walking.fbx
	_update_scan_actions: step 3: Dying.fbx
	_update_scan_actions: step 4: Firing Rifle.fbx
	_update_scan_actions: step 5: Hit Reaction.fbx
	_update_scan_actions: step 6: Idle.fbx
	_update_scan_actions: step 7: Jump.fbx
	_update_scan_actions: step 8: Picking Up.fbx
	_update_scan_actions: step 9: Reloading.fbx
	_update_scan_actions: step 10: Rifle Idle.fbx
	_update_scan_actions: step 11: Rifle Walk.fbx
	_update_scan_actions: step 12: Running.fbx
	_update_scan_actions: step 13: Sitting Idle.fbx
	_update_scan_actions: step 14: Standing Melee Attack Downward.fbx
	_update_scan_actions: step 15: Talking.fbx
	_update_scan_actions: step 16: Throwing.fbx
	_update_scan_actions: step 17: Walking.fbx
	_update_scan_actions: step 18: Brute.fbx
	_update_scan_actions: step 19: Brute_0.png
	_update_scan_actions: step 20: Brute_1.png
	_update_scan_actions: step 21: Brute_2.png
	_update_scan_actions: step 22: Brute_3.png
	_update_scan_actions: step 23: Brute_4.png
	_update_scan_actions: step 24: Brute_5.png
	_update_scan_actions: step 25: Brute_6.png
	_update_scan_actions: step 26: Brute_7.png
	_update_scan_actions: step 27: Brute_8.png
	_update_scan_actions: step 28: Brute_9.png
	_update_scan_actions: step 29: Brute_10.png
	_update_scan_actions: step 30: Brute_11.png
	_update_scan_actions: step 31: Brute_12.png
	_update_scan_actions: step 32: Brute_13.png
	_update_scan_actions: step 33: Brute_14.png
	_update_scan_actions: step 34: Brute_15.png
	_update_scan_actions: step 35: Brute_16.png
	_update_scan_actions: step 36: Gas_Mask.fbx
	_update_scan_actions: step 37: Gas_Mask_0.png
	_update_scan_actions: step 38: Gas_Mask_1.png
	_update_scan_actions: step 39: Gas_Mask_2.png
	_update_scan_actions: step 40: Gas_Mask_3.png
	_update_scan_actions: step 41: Gas_Mask_4.png
	_update_scan_actions: step 42: Gas_Mask_5.png
	_update_scan_actions: step 43: Gas_Mask_6.png
	_update_scan_actions: step 44: Gas_Mask_7.png
	_update_scan_actions: step 45: Gas_Mask_8.png
	_update_scan_actions: step 46: Gas_Mask_9.png
	_update_scan_actions: step 47: Gas_Mask_10.png
	_update_scan_actions: step 48: Gas_Mask_11.png
	_update_scan_actions: step 49: Kachujin G Rosales.fbx
	_update_scan_actions: step 50: Kachujin G Rosales_0.png
	_update_scan_actions: step 51: Kachujin G Rosales_1.png
	_update_scan_actions: step 52: Kachujin G Rosales_2.png
	_update_scan_actions: step 53: Kachujin G Rosales_3.png
	_update_scan_actions: step 54: Swat.fbx
	_update_scan_actions: step 55: Swat_0.png
	_update_scan_actions: step 56: Swat_1.png
	_update_scan_actions: step 57: Swat_2.png
	_update_scan_actions: step 58: Swat_3.png
	_update_scan_actions: step 59: Swat_4.png
	_update_scan_actions: step 60: Swat_5.png
_update_scan_actions: end
reimport: begin: (Re)Importing Assets steps: 74
	reimport: step 0: Preparing files to reimport...
	reimport: step 1: Preparing files to reimport...
	reimport: step 2: Preparing files to reimport...
	reimport: step 3: Preparing files to reimport...
	reimport: step 4: Preparing files to reimport...
	reimport: step 5: Preparing files to reimport...
	reimport: step 6: Preparing files to reimport...
	reimport: step 7: Preparing files to reimport...
	reimport: step 8: Preparing files to reimport...
	reimport: step 9: Preparing files to reimport...
	reimport: step 10: Preparing files to reimport...
	reimport: step 11: Preparing files to reimport...
	reimport: step 12: Preparing files to reimport...
	reimport: step 13: Preparing files to reimport...
	reimport: step 14: Preparing files to reimport...
	reimport: step 15: Preparing files to reimport...
	reimport: step 16: Preparing files to reimport...
	reimport: step 17: Preparing files to reimport...
	reimport: step 18: Preparing files to reimport...
	reimport: step 19: Preparing files to reimport...
	reimport: step 20: Preparing files to reimport...
	reimport: step 21: Preparing files to reimport...
	reimport: step 22: Preparing files to reimport...
	reimport: step 23: Preparing files to reimport...
	reimport: step 24: Preparing files to reimport...
	reimport: step 25: Preparing files to reimport...
	reimport: step 26: Preparing files to reimport...
	reimport: step 27: Preparing files to reimport...
	reimport: step 28: Preparing files to reimport...
	reimport: step 29: Preparing files to reimport...
	reimport: step 30: Preparing files to reimport...
	reimport: step 31: Preparing files to reimport...
	reimport: step 32: Preparing files to reimport...
	reimport: step 33: Preparing files to reimport...
	reimport: step 34: Preparing files to reimport...
	reimport: step 35: Preparing files to reimport...
	reimport: step 36: Preparing files to reimport...
	reimport: step 37: Preparing files to reimport...
	reimport: step 38: Preparing files to reimport...
	reimport: step 39: Preparing files to reimport...
	reimport: step 40: Preparing files to reimport...
	reimport: step 41: Preparing files to reimport...
	reimport: step 42: Preparing files to reimport...
	reimport: step 43: Preparing files to reimport...
	reimport: step 44: Preparing files to reimport...
	reimport: step 45: Preparing files to reimport...
	reimport: step 46: Preparing files to reimport...
	reimport: step 47: Preparing files to reimport...
	reimport: step 48: Preparing files to reimport...
	reimport: step 49: Preparing files to reimport...
	reimport: step 50: Preparing files to reimport...
	reimport: step 51: Preparing files to reimport...
	reimport: step 52: Preparing files to reimport...
	reimport: step 53: Preparing files to reimport...
	reimport: step 54: Preparing files to reimport...
	reimport: step 55: Preparing files to reimport...
	reimport: step 56: Preparing files to reimport...
	reimport: step 57: Preparing files to reimport...
	reimport: step 58: Preparing files to reimport...
	reimport: step 59: Preparing files to reimport...
	reimport: step 60: Preparing files to reimport...
	reimport: step 61: Preparing files to reimport...
	reimport: step 62: Preparing files to reimport...
	reimport: step 63: Preparing files to reimport...
	reimport: step 64: Preparing files to reimport...
	reimport: step 65: Preparing files to reimport...
	reimport: step 66: Preparing files to reimport...
	reimport: step 67: Preparing files to reimport...
	reimport: step 68: Preparing files to reimport...
	reimport: step 69: Preparing files to reimport...
	reimport: step 70: Preparing files to reimport...
	reimport: step 71: Preparing files to reimport...
	reimport: step 72: Preparing files to reimport...
	reimport: step 73: Preparing files to reimport...
	reimport: step 0: Executing pre-reimport operations...
preload_reimporting_scene: begin: Preparing scenes for reload steps: 1
	preload_reimporting_scene: step 0: Analyzing scene [empty]
	preload_reimporting_scene: step 1: Preparation done.
preload_reimporting_scene: end
	reimport: step 0: Gas_Mask_10.png
	reimport: step 1: Gas_Mask_9.png
	reimport: step 2: Gas_Mask_8.png
	reimport: step 3: Gas_Mask_7.png
	reimport: step 4: Gas_Mask_6.png
	reimport: step 5: Gas_Mask_5.png
	reimport: step 6: Gas_Mask_4.png
	reimport: step 7: Gas_Mask_3.png
	reimport: step 8: Gas_Mask_2.png
	reimport: step 9: Gas_Mask_1.png
	reimport: step 10: Gas_Mask_0.png
	reimport: step 11: Gas_Mask_11.png
	reimport: step 12: Gas_Mask_2.png
	reimport: step 13: Gas_Mask_10.png
	reimport: step 14: Gas_Mask_1.png
	reimport: step 15: Gas_Mask_9.png
	reimport: step 16: Gas_Mask_0.png
	reimport: step 17: Swat_5.png
	reimport: step 18: Swat_4.png
	reimport: step 19: Swat_3.png
	reimport: step 20: Swat_2.png
	reimport: step 21: Swat_1.png
	reimport: step 22: Swat_0.png
	reimport: step 23: Swat_5.png
	reimport: step 24: Swat_1.png
	reimport: step 25: Swat_4.png
	reimport: step 26: Swat_0.png
	reimport: step 27: Kachujin G Rosales_3.png
	reimport: step 28: Kachujin G Rosales_2.png
	reimport: step 29: Kachujin G Rosales_1.png
	reimport: step 30: Kachujin G Rosales_0.png
	reimport: step 31: Kachujin G Rosales_1.png
	reimport: step 32: Kachujin G Rosales_3.png
	reimport: step 33: Kachujin G Rosales_0.png
	reimport: step 34: Gas_Mask_11.png
	reimport: step 35: Brute_0.png
	reimport: step 36: Brute_1.png
	reimport: step 37: Brute_2.png
	reimport: step 38: Brute_3.png
	reimport: step 39: Brute_4.png
	reimport: step 40: Brute_5.png
	reimport: step 41: Brute_6.png
	reimport: step 42: Brute_7.png
	reimport: step 43: Brute_8.png
	reimport: step 44: Brute_9.png
	reimport: step 45: Brute_10.png
	reimport: step 46: Brute_11.png
	reimport: step 47: Brute_12.png
	reimport: step 48: Brute_13.png
	reimport: step 49: Brute_14.png
	reimport: step 50: Brute_15.png
	reimport: step 51: Brute_16.png
	reimport: step 52: Swat.fbx
import: begin: Import Scene steps: 104
	import: step 0: Importing Scene...
	import: step 2: Running Custom Script...
	import: step 104: Saving...
[1;31mERROR:[0;91m Parameter "t" is null.
[0;90m   at: texture_2d_get (servers/rendering/dummy/storage/texture_storage.h:107)[0m
import: end
	reimport: step 53: Reloading.fbx
import: begin: Import Scene steps: 104
	import: step 0: Importing Scene...
	import: step 2: Running Custom Script...
	import: step 104: Saving...
[1;31mERROR:[0;91m Parameter "t" is null.
[0;90m   at: texture_2d_get (servers/rendering/dummy/storage/texture_storage.h:107)[0m
import: end
	reimport: step 54: Picking Up.fbx
import: begin: Import Scene steps: 104
	import: step 0: Importing Scene...
	import: step 2: Running Custom Script...
	import: step 104: Saving...
[1;31mERROR:[0;91m Parameter "t" is null.
[0;90m   at: texture_2d_get (servers/rendering/dummy/storage/texture_storage.h:107)[0m
import: end
	reimport: step 55: Jump.fbx
import: begin: Import Scene steps: 104
	import: step 0: Importing Scene...
	import: step 2: Running Custom Script...
	import: step 104: Saving...
[1;31mERROR:[0;91m Parameter "t" is null.
[0;90m   at: texture_2d_get (servers/rendering/dummy/storage/texture_storage.h:107)[0m
import: end
	reimport: step 56: Idle.fbx
import: begin: Import Scene steps: 104
	import: step 0: Importing Scene...
	import: step 2: Running Custom Script...
	import: step 104: Saving...
[1;31mERROR:[0;91m Parameter "t" is null.
[0;90m   at: texture_2d_get (servers/rendering/dummy/storage/texture_storage.h:107)[0m
import: end
	reimport: step 57: Hit Reaction.fbx
import: begin: Import Scene steps: 104
	import: step 0: Importing Scene...
	import: step 2: Running Custom Script...
	import: step 104: Saving...
[1;31mERROR:[0;91m Parameter "t" is null.
[0;90m   at: texture_2d_get (servers/rendering/dummy/storage/texture_storage.h:107)[0m
import: end
	reimport: step 58: Firing Rifle.fbx
import: begin: Import Scene steps: 104
	import: step 0: Importing Scene...
	import: step 2: Running Custom Script...
	import: step 104: Saving...
[1;31mERROR:[0;91m Parameter "t" is null.
[0;90m   at: texture_2d_get (servers/rendering/dummy/storage/texture_storage.h:107)[0m
import: end
	reimport: step 59: Dying.fbx
import: begin: Import Scene steps: 104
	import: step 0: Importing Scene...
	import: step 2: Running Custom Script...
	import: step 104: Saving...
[1;31mERROR:[0;91m Parameter "t" is null.
[0;90m   at: texture_2d_get (servers/rendering/dummy/storage/texture_storage.h:107)[0m
import: end
	reimport: step 60: Crouched Walking.fbx
import: begin: Import Scene steps: 104
	import: step 0: Importing Scene...
	import: step 2: Running Custom Script...
	import: step 104: Saving...
[1;31mERROR:[0;91m Parameter "t" is null.
[0;90m   at: texture_2d_get (servers/rendering/dummy/storage/texture_storage.h:107)[0m
import: end
	reimport: step 61: Crouch Idle.fbx
import: begin: Import Scene steps: 104
	import: step 0: Importing Scene...
	import: step 2: Running Custom Script...
	import: step 104: Saving...
[1;31mERROR:[0;91m Parameter "t" is null.
[0;90m   at: texture_2d_get (servers/rendering/dummy/storage/texture_storage.h:107)[0m
import: end
	reimport: step 62: Aiming.fbx
import: begin: Import Scene steps: 104
	import: step 0: Importing Scene...
	import: step 2: Running Custom Script...
	import: step 104: Saving...
[1;31mERROR:[0;91m Parameter "t" is null.
[0;90m   at: texture_2d_get (servers/rendering/dummy/storage/texture_storage.h:107)[0m
import: end
	reimport: step 63: Rifle Idle.fbx
import: begin: Import Scene steps: 104
	import: step 0: Importing Scene...
	import: step 2: Running Custom Script...
	import: step 104: Saving...
[1;31mERROR:[0;91m Parameter "t" is null.
[0;90m   at: texture_2d_get (servers/rendering/dummy/storage/texture_storage.h:107)[0m
import: end
	reimport: step 64: Rifle Walk.fbx
import: begin: Import Scene steps: 104
	import: step 0: Importing Scene...
	import: step 2: Running Custom Script...
	import: step 104: Saving...
[1;31mERROR:[0;91m Parameter "t" is null.
[0;90m   at: texture_2d_get (servers/rendering/dummy/storage/texture_storage.h:107)[0m
import: end
	reimport: step 65: Running.fbx
import: begin: Import Scene steps: 104
	import: step 0: Importing Scene...
	import: step 2: Running Custom Script...
	import: step 104: Saving...
[1;31mERROR:[0;91m Parameter "t" is null.
[0;90m   at: texture_2d_get (servers/rendering/dummy/storage/texture_storage.h:107)[0m
import: end
	reimport: step 66: Sitting Idle.fbx
import: begin: Import Scene steps: 104
	import: step 0: Importing Scene...
	import: step 2: Running Custom Script...
	import: step 104: Saving...
[1;31mERROR:[0;91m Parameter "t" is null.
[0;90m   at: texture_2d_get (servers/rendering/dummy/storage/texture_storage.h:107)[0m
import: end
	reimport: step 67: Standing Melee Attack Downward.fbx
import: begin: Import Scene steps: 104
	import: step 0: Importing Scene...
	import: step 2: Running Custom Script...
	import: step 104: Saving...
[1;31mERROR:[0;91m Parameter "t" is null.
[0;90m   at: texture_2d_get (servers/rendering/dummy/storage/texture_storage.h:107)[0m
import: end
	reimport: step 68: Talking.fbx
import: begin: Import Scene steps: 104
	import: step 0: Importing Scene...
	import: step 2: Running Custom Script...
	import: step 104: Saving...
[1;31mERROR:[0;91m Parameter "t" is null.
[0;90m   at: texture_2d_get (servers/rendering/dummy/storage/texture_storage.h:107)[0m
import: end
	reimport: step 69: Throwing.fbx
import: begin: Import Scene steps: 104
	import: step 0: Importing Scene...
	import: step 2: Running Custom Script...
	import: step 104: Saving...
[1;31mERROR:[0;91m Parameter "t" is null.
[0;90m   at: texture_2d_get (servers/rendering/dummy/storage/texture_storage.h:107)[0m
import: end
	reimport: step 70: Kachujin G Rosales.fbx
import: begin: Import Scene steps: 104
	import: step 0: Importing Scene...
	import: step 2: Running Custom Script...
	import: step 104: Saving...
[1;31mERROR:[0;91m Parameter "t" is null.
[0;90m   at: texture_2d_get (servers/rendering/dummy/storage/texture_storage.h:107)[0m
import: end
	reimport: step 71: Walking.fbx
import: begin: Import Scene steps: 104
	import: step 0: Importing Scene...
	import: step 2: Running Custom Script...
	import: step 104: Saving...
[1;31mERROR:[0;91m Parameter "t" is null.
[0;90m   at: texture_2d_get (servers/rendering/dummy/storage/texture_storage.h:107)[0m
import: end
	reimport: step 72: Brute.fbx
import: begin: Import Scene steps: 104
	import: step 0: Importing Scene...
	import: step 2: Running Custom Script...
	import: step 104: Saving...
[1;31mERROR:[0;91m Parameter "t" is null.
[0;90m   at: texture_2d_get (servers/rendering/dummy/storage/texture_storage.h:107)[0m
import: end
	reimport: step 73: Gas_Mask.fbx
import: begin: Import Scene steps: 104
	import: step 0: Importing Scene...
	import: step 2: Running Custom Script...
	import: step 104: Saving...
[1;31mERROR:[0;91m Parameter "t" is null.
[0;90m   at: texture_2d_get (servers/rendering/dummy/storage/texture_storage.h:107)[0m
import: end
	reimport: step 74: Finalizing Asset Import...
reimport: end
reimport: begin: (Re)Importing Assets steps: 74
	reimport: step 0: Executing post-reimport operations...
reimport: end
loading_editor_layout: begin: Loading editor steps: 5
	loading_editor_layout: step 0: Loading editor layout...
	loading_editor_layout: step 1: Loading docks...
	loading_editor_layout: step 2: Reopening scenes...
	loading_editor_layout: step 3: Loading central editor layout...
	loading_editor_layout: step 4: Loading plugin window layout...
	loading_editor_layout: step 5: Editor layout ready.
loading_editor_layout: end
